// Jest Snapshot v1, https://goo.gl/fbAQLP

exports[`Pruebas en TodoApp.js Mostrar el componente correctamente 1`] = `
<div>
  <h1>
    TodoApp
  </h1>
  <hr />
  <h5>
    TODOS: 
    0
  </h5>
  <div
    className="row"
  >
    <div
      className="col-7"
    >
      <TodoList
        handleDelete={[Function]}
        handleToggleDone={[Function]}
        todos={Array []}
      />
    </div>
    <div
      className="col-5"
    >
      <TodoFormAdd
        handleAdd={[Function]}
      />
    </div>
  </div>
</div>
`;
