// Jest Snapshot v1, https://goo.gl/fbAQLP

exports[`,Pruebas en MultipleCustomHooks.js Debe mostrarse correctamente 1`] = `
<div>
  <h3>
    Breaking Bads: Quotes
  </h3>
  <hr />
  <div
    className="alert alert-info text-center"
  >
    Loading...
  </div>
  <button
    className="btn btn-secondary"
    onClick={[Function]}
  >
    Next quote
  </button>
</div>
`;
