// Jest Snapshot v1, https://goo.gl/fbAQLP

exports[`Pruebas en HookApp.js Debe mostrar correctamente el componente 1`] = `
<div>
  <h1>
    Hola mundo
  </h1>
</div>
`;
