// Jest Snapshot v1, https://goo.gl/fbAQLP

exports[`Pruebas en HomeScreen.js Debe mostrarse correctamente 1`] = `
<div>
  <h1>
    HomeScreen
  </h1>
  <hr />
  <pre>
    {
   "name": "Samuel",
   "email": "Samu@gmail.com"
}
  </pre>
</div>
`;
